--------------------------------------------------------------------------------
Release 14.7 Trace  (lin64)
Copyright (c) 1995-2013 Xilinx, Inc.  All rights reserved.

/opt/Xilinx/14.7/ISE_DS/ISE/bin/lin64/unwrapped/trce -intstyle ise -v 3 -s 3 -n
3 -fastpaths -xml test_cam.twx test_cam.ncd -o test_cam.twr test_cam.pcf -ucf
test_cam_constraints.ucf

Design file:              test_cam.ncd
Physical constraint file: test_cam.pcf
Device,package,speed:     xc7a100t,csg324,C,-3 (PRODUCTION 1.10 2013-10-13)
Report level:             verbose report

Environment Variable      Effect 
--------------------      ------ 
NONE                      No environment variables were set
--------------------------------------------------------------------------------

INFO:Timing:2698 - No timing constraints found, doing default enumeration.
INFO:Timing:3412 - To improve timing, see the Timing Closure User Guide (UG612).
INFO:Timing:2752 - To get complete path coverage, use the unconstrained paths 
   option. All paths that are not constrained will be reported in the 
   unconstrained paths section(s) of the report.
INFO:Timing:3339 - The clock-to-out numbers in this timing report are based on 
   a 50 Ohm transmission line loading model.  For the details of this model, 
   and for more information on accounting for different loading conditions, 
   please see the device datasheet.



Data Sheet report:
-----------------
All values displayed in nanoseconds (ns)

Setup/Hold to clock Pclk
------------+------------+------------+------------+------------+------------------+--------+
            |Max Setup to|  Process   |Max Hold to |  Process   |                  | Clock  |
Source      | clk (edge) |   Corner   | clk (edge) |   Corner   |Internal Clock(s) | Phase  |
------------+------------+------------+------------+------------+------------------+--------+
D<0>        |   -0.144(R)|      FAST  |    1.943(R)|      SLOW  |Pclk_BUFGP        |   0.000|
D<1>        |   -0.126(R)|      FAST  |    1.927(R)|      SLOW  |Pclk_BUFGP        |   0.000|
D<3>        |   -0.509(R)|      FAST  |    2.427(R)|      SLOW  |Pclk_BUFGP        |   0.000|
D<4>        |   -0.480(R)|      FAST  |    2.404(R)|      SLOW  |Pclk_BUFGP        |   0.000|
D<5>        |   -0.548(R)|      FAST  |    2.457(R)|      SLOW  |Pclk_BUFGP        |   0.000|
D<6>        |   -0.379(R)|      FAST  |    2.206(R)|      SLOW  |Pclk_BUFGP        |   0.000|
D<7>        |   -0.550(R)|      FAST  |    2.463(R)|      SLOW  |Pclk_BUFGP        |   0.000|
Href        |    0.518(R)|      FAST  |    1.905(R)|      SLOW  |Pclk_BUFGP        |   0.000|
Vsync       |    0.608(R)|      FAST  |    1.949(R)|      SLOW  |Pclk_BUFGP        |   0.000|
------------+------------+------------+------------+------------+------------------+--------+

Setup/Hold to clock clk
------------+------------+------------+------------+------------+------------------+--------+
            |Max Setup to|  Process   |Max Hold to |  Process   |                  | Clock  |
Source      | clk (edge) |   Corner   | clk (edge) |   Corner   |Internal Clock(s) | Phase  |
------------+------------+------------+------------+------------+------------------+--------+
rst         |    0.774(R)|      FAST  |    1.223(R)|      SLOW  |clk25M            |   0.000|
------------+------------+------------+------------+------------+------------------+--------+

Clock clk to Pad
------------+-----------------+------------+-----------------+------------+------------------+--------+
            |Max (slowest) clk|  Process   |Min (fastest) clk|  Process   |                  | Clock  |
Destination |  (edge) to PAD  |   Corner   |  (edge) to PAD  |   Corner   |Internal Clock(s) | Phase  |
------------+-----------------+------------+-----------------+------------+------------------+--------+
VGA_B<2>    |        11.160(R)|      SLOW  |         3.980(R)|      FAST  |clk25M            |   0.000|
VGA_B<3>    |        12.536(R)|      SLOW  |         4.984(R)|      FAST  |clk25M            |   0.000|
VGA_G<1>    |        11.134(R)|      SLOW  |         4.134(R)|      FAST  |clk25M            |   0.000|
VGA_G<2>    |        11.276(R)|      SLOW  |         4.212(R)|      FAST  |clk25M            |   0.000|
VGA_G<3>    |        10.932(R)|      SLOW  |         4.085(R)|      FAST  |clk25M            |   0.000|
VGA_Hsync_n |         9.767(R)|      SLOW  |         4.117(R)|      FAST  |clk25M            |   0.000|
VGA_R<1>    |        11.079(R)|      SLOW  |         4.088(R)|      FAST  |clk25M            |   0.000|
VGA_R<2>    |        11.320(R)|      SLOW  |         4.058(R)|      FAST  |clk25M            |   0.000|
VGA_R<3>    |        10.718(R)|      SLOW  |         4.019(R)|      FAST  |clk25M            |   0.000|
VGA_Vsync_n |        10.011(R)|      SLOW  |         4.059(R)|      FAST  |clk25M            |   0.000|
------------+-----------------+------------+-----------------+------------+------------------+--------+

Clock to Setup on destination clock Pclk
---------------+---------+---------+---------+---------+
               | Src:Rise| Src:Fall| Src:Rise| Src:Fall|
Source Clock   |Dest:Rise|Dest:Rise|Dest:Fall|Dest:Fall|
---------------+---------+---------+---------+---------+
Pclk           |    1.644|         |         |         |
---------------+---------+---------+---------+---------+

Clock to Setup on destination clock clk
---------------+---------+---------+---------+---------+
               | Src:Rise| Src:Fall| Src:Rise| Src:Fall|
Source Clock   |Dest:Rise|Dest:Rise|Dest:Fall|Dest:Fall|
---------------+---------+---------+---------+---------+
Pclk           |    5.795|         |         |         |
clk            |    5.870|         |         |         |
---------------+---------+---------+---------+---------+

Pad to Pad
---------------+---------------+---------+
Source Pad     |Destination Pad|  Delay  |
---------------+---------------+---------+
clk            |CAM_xclk       |    6.910|
---------------+---------------+---------+


Analysis completed Thu Nov 14 16:48:08 2019 
--------------------------------------------------------------------------------

Trace Settings:
-------------------------
Trace Settings 

Peak Memory Usage: 752 MB



